// Jest Snapshot v1, https://goo.gl/fbAQLP

exports[`Should list user item component 1`] = `
<View
  className="sc-gsnTZi fluHiX"
>
  <View
    className="sc-bczRLJ cBAjUe"
  >
    <View
      className="sc-jSMfEi hhyYpf"
    >
      <View
        className="sc-eCYdqJ brkrER"
      >
        <Image
          className="sc-gKXOVf lovrYZ"
          source={
            Object {
              "uri": "https://avatars.githubusercontent.com/u/131574?v=4",
            }
          }
        />
      </View>
      <Text
        className="sc-dkzDqf hEKvnl"
        color="#3D52D5"
      >
        pepito
      </Text>
    </View>
  </View>
</View>
`;
